------------------------------------------------------------
Timing Analyzer Summary
------------------------------------------------------------

Type  : Slow 1200mV 85C Model Setup 'u1|altpll_component|auto_generated|pll1|clk[0]'
Slack : 12.052
TNS   : 0.000

Type  : Slow 1200mV 85C Model Hold 'u1|altpll_component|auto_generated|pll1|clk[0]'
Slack : 0.631
TNS   : 0.000

Type  : Slow 1200mV 85C Model Minimum Pulse Width 'MAX10_CLK1_50'
Slack : 9.802
TNS   : 0.000

Type  : Slow 1200mV 85C Model Minimum Pulse Width 'MAX10_CLK2_50'
Slack : 16.000
TNS   : 0.000

Type  : Slow 1200mV 85C Model Minimum Pulse Width 'u1|altpll_component|auto_generated|pll1|clk[0]'
Slack : 19.715
TNS   : 0.000

Type  : Slow 1200mV 85C Model Minimum Pulse Width 'ADC_CLK_10'
Slack : 96.000
TNS   : 0.000

Type  : Slow 1200mV 0C Model Setup 'u1|altpll_component|auto_generated|pll1|clk[0]'
Slack : 12.602
TNS   : 0.000

Type  : Slow 1200mV 0C Model Hold 'u1|altpll_component|auto_generated|pll1|clk[0]'
Slack : 0.583
TNS   : 0.000

Type  : Slow 1200mV 0C Model Minimum Pulse Width 'MAX10_CLK1_50'
Slack : 9.736
TNS   : 0.000

Type  : Slow 1200mV 0C Model Minimum Pulse Width 'MAX10_CLK2_50'
Slack : 16.000
TNS   : 0.000

Type  : Slow 1200mV 0C Model Minimum Pulse Width 'u1|altpll_component|auto_generated|pll1|clk[0]'
Slack : 19.708
TNS   : 0.000

Type  : Slow 1200mV 0C Model Minimum Pulse Width 'ADC_CLK_10'
Slack : 96.000
TNS   : 0.000

Type  : Fast 1200mV 0C Model Setup 'u1|altpll_component|auto_generated|pll1|clk[0]'
Slack : 15.990
TNS   : 0.000

Type  : Fast 1200mV 0C Model Hold 'u1|altpll_component|auto_generated|pll1|clk[0]'
Slack : 0.243
TNS   : 0.000

Type  : Fast 1200mV 0C Model Minimum Pulse Width 'MAX10_CLK1_50'
Slack : 9.524
TNS   : 0.000

Type  : Fast 1200mV 0C Model Minimum Pulse Width 'MAX10_CLK2_50'
Slack : 16.000
TNS   : 0.000

Type  : Fast 1200mV 0C Model Minimum Pulse Width 'u1|altpll_component|auto_generated|pll1|clk[0]'
Slack : 19.754
TNS   : 0.000

Type  : Fast 1200mV 0C Model Minimum Pulse Width 'ADC_CLK_10'
Slack : 96.000
TNS   : 0.000

------------------------------------------------------------
